I'm sorry, but errors were detected in your script. Please correct the
errors listed below, and try again.


File "game/ScriptAndCases/Case_1/Case1script.rpy", line 156: is not terminated with a newline. (Check strings and parenthesis.)
(Perhaps you left out a " at the end of the first line.)
        KA"Monsieur, vous avez décidé de me défendre !

Ren'Py Version: Ren'Py 8.1.3.23091805
Thu Jan 11 12:49:21 2024
